rectangle (780,309) (829,338) https://www.normschrauben.de/gewindestifte/gewindestifte-madenschrauben-din-914-stahl-blank.html
rectangle (968,237) (968,241) 
rectangle (563,382) (622,413) https://www.normschrauben.de/muttern/sechskant-muttern/sechskantmutter-sechskantmuttern-stahl-zn-934.html
rectangle (557,313) (610,342) https://www.normschrauben.de/scheiben-beilagscheiben/din-9021-grosse-scheiben/scheiben-beilagscheiben-din-9021-verzinkt.html
rectangle (615,259) (617,263) 
rectangle (581,263) (649,301) https://www.normschrauben.de/gewindestifte/gewindestifte-madenschrauben-din-914-stahl-blank.html
rectangle (479,330) (538,369) https://github.com/minirevollo/wandschmiege/blob/master/aw_case_unterteil.stl
rectangle (354,275) (426,313) https://github.com/minirevollo/wandschmiege/blob/master/aw_case_unterteil.stl
rectangle (956,266) (1007,293) https://www.normschrauben.de/muttern/sechskant-muttern/sechskantmutter-sechskantmuttern-stahl-zn-934.html
rectangle (952,207) (1008,254) https://www.befestigungsfuchs.de/befestigungstechnik/schrauben/raendelschrauben/10-raendelschrauben-m5-x-16-mm---din-653---niedrige-form---edelstahl-a1?action_ms=1
rectangle (970,462) (1031,503) https://github.com/minirevollo/wandschmiege/blob/master/aw_stifthalter_v5.stl
rectangle (873,478) (935,515) https://www.normschrauben.de/muttern/sechskant-muttern/sechskantmutter-sechskantmuttern-stahl-zn-934.html
rectangle (815,492) (869,529) https://github.com/minirevollo/wandschmiege/blob/master/aw_rollenhalter v5.stl
